[INFO] Scanning for projects...
[INFO] 
[INFO] ---------------------< com.Pranav:finance-tracker >---------------------
[INFO] Building finance-tracker 0.0.1-SNAPSHOT
[INFO]   from pom.xml
[INFO] --------------------------------[ jar ]---------------------------------
[INFO] 
[INFO] --- resources:3.3.1:resources (default-resources) @ finance-tracker ---
[INFO] Copying 1 resource from src\main\resources to target\classes
[INFO] Copying 0 resource from src\main\resources to target\classes
[INFO] 
[INFO] --- compiler:3.14.1:compile (default-compile) @ finance-tracker ---
[INFO] Recompiling the module because of changed source code.
[INFO] Compiling 77 source files with javac [debug parameters release 21] to target\classes
[INFO] -------------------------------------------------------------
[WARNING] COMPILATION WARNING : 
[INFO] -------------------------------------------------------------
[WARNING] /D:/finance-tracker/src/main/java/com/Pranav/finance_tracker/user/entity/User.java:[35,21] @Builder will ignore the initializing expression entirely. If you want the initializing expression to serve as default, add @Builder.Default. If it is not supposed to be settable during building, make the field final.
[INFO] 1 warning
[INFO] -------------------------------------------------------------
[INFO] -------------------------------------------------------------
[ERROR] COMPILATION ERROR : 
[INFO] -------------------------------------------------------------
[ERROR] /D:/finance-tracker/src/main/java/com/Pranav/finance_tracker/group/repository/GroupExpenseRepository.java:[13,5] cannot find symbol
  symbol:   class list
  location: interface com.Pranav.finance_tracker.group.repository.GroupExpenseRepository
[INFO] 1 error
[INFO] -------------------------------------------------------------
[INFO] ------------------------------------------------------------------------
[INFO] BUILD FAILURE
[INFO] ------------------------------------------------------------------------
[INFO] Total time:  2.672 s
[INFO] Finished at: 2026-02-20T12:30:00+05:30
[INFO] ------------------------------------------------------------------------
[ERROR] Failed to execute goal org.apache.maven.plugins:maven-compiler-plugin:3.14.1:compile (default-compile) on project finance-tracker: Compilation failure
[ERROR] /D:/finance-tracker/src/main/java/com/Pranav/finance_tracker/group/repository/GroupExpenseRepository.java:[13,5] cannot find symbol
[ERROR]   symbol:   class list
[ERROR]   location: interface com.Pranav.finance_tracker.group.repository.GroupExpenseRepository
[ERROR] 
[ERROR] -> [Help 1]
[ERROR] 
[ERROR] To see the full stack trace of the errors, re-run Maven with the -e switch.
[ERROR] Re-run Maven using the -X switch to enable full debug logging.
[ERROR] 
[ERROR] For more information about the errors and possible solutions, please read the following articles:
[ERROR] [Help 1] http://cwiki.apache.org/confluence/display/MAVEN/MojoFailureException
