[INFO] Scanning for projects...
[INFO] 
[INFO] ---------------------< com.Pranav:finance-tracker >---------------------
[INFO] Building finance-tracker 0.0.1-SNAPSHOT
[INFO]   from pom.xml
[INFO] --------------------------------[ jar ]---------------------------------
[INFO] 
[INFO] --- resources:3.3.1:resources (default-resources) @ finance-tracker ---
[INFO] Copying 1 resource from src\main\resources to target\classes
[INFO] Copying 0 resource from src\main\resources to target\classes
[INFO] 
[INFO] --- compiler:3.14.1:compile (default-compile) @ finance-tracker ---
[INFO] Recompiling the module because of changed source code.
[INFO] Compiling 114 source files with javac [debug parameters release 21] to target\classes
[INFO] -------------------------------------------------------------
[ERROR] COMPILATION ERROR : 
[INFO] -------------------------------------------------------------
[ERROR] /D:/finance-tracker/src/main/java/com/Pranav/finance_tracker/analytics/controller/AnalyticsController.java:[96,65] ';' expected
[ERROR] /D:/finance-tracker/src/main/java/com/Pranav/finance_tracker/analytics/controller/AnalyticsController.java:[100,2] reached end of file while parsing
[INFO] 2 errors 
[INFO] -------------------------------------------------------------
[INFO] ------------------------------------------------------------------------
[INFO] BUILD FAILURE
[INFO] ------------------------------------------------------------------------
[INFO] Total time:  1.569 s
[INFO] Finished at: 2026-02-21T12:42:14+05:30
[INFO] ------------------------------------------------------------------------
[ERROR] Failed to execute goal org.apache.maven.plugins:maven-compiler-plugin:3.14.1:compile (default-compile) on project finance-tracker: Compilation failure: Compilation failure: 
[ERROR] /D:/finance-tracker/src/main/java/com/Pranav/finance_tracker/analytics/controller/AnalyticsController.java:[96,65] ';' expected
[ERROR] /D:/finance-tracker/src/main/java/com/Pranav/finance_tracker/analytics/controller/AnalyticsController.java:[100,2] reached end of file while parsing
[ERROR] -> [Help 1]
[ERROR] 
[ERROR] To see the full stack trace of the errors, re-run Maven with the -e switch.
[ERROR] Re-run Maven using the -X switch to enable full debug logging.
[ERROR] 
[ERROR] For more information about the errors and possible solutions, please read the following articles:
[ERROR] [Help 1] http://cwiki.apache.org/confluence/display/MAVEN/MojoFailureException
